[www.cciccccloud.com/trace8041.html]
[backblue.gif]
[fade.gif]
[index.html]
[www.cciccccloud.com/template/mu/static/css/sm.css]
[www.cciccccloud.com/template/mu/static/css/index.css]
[www.cciccccloud.com/template/mu/static/css/ui-new.css]
[www.cciccccloud.com/template/mu/static/css/search.css]
[www.cciccccloud.com/template/mu/static/css/complaints.css]
[www.cciccccloud.com/template/mu/static/css/swiper-bundle.min.css]
[www.cciccccloud.com/index7aa4.html]
[www.cciccccloud.com/template/mu/static/picture/1697685869607904.jpg]
[www.cciccccloud.com/index7981.html]
[www.cciccccloud.com/template/mu/static/picture/910612857824215040.jpg]
[www.cciccccloud.com/template/mu/static/js/swiper-bundle.min.js]
[www.cciccccloud.com/template/mu/static/picture/1666591971967015074.jpg]
[www.cciccccloud.com/static/upload/image/20260130/1769762711981592.jpg]
[www.cciccccloud.com/template/mu/static/picture/1590048828117098165.jpg]
[www.cciccccloud.com/template/mu/static/picture/1590048841611005669.jpg]
[www.cciccccloud.com/template/mu/static/picture/dot1.jpg]
[www.cciccccloud.com/template/mu/static/picture/data3.jpg]
[www.cciccccloud.com/template/mu/static/picture/1.jpg]
[www.cciccccloud.com/trace8041.html]
[www.cciccccloud.com/template/mu/static/js/standard-scpf9e3.js]
[www.cciccccloud.com/indexc172.html]
[www.cciccccloud.com/template/mu/static/js/jquery-1.7.1.min.js.js]
[www.cciccccloud.com/index355a.html]
[www.cciccccloud.com/template/mu/static/fonts/font_1433401008_2229297.woff]
[www.cciccccloud.com/template/mu/static/js/jquery-1.7.1.min.js]
[www.cciccccloud.com/template/mu/static/fonts/font_1433401008_2229297.ttf]
[www.cciccccloud.com/template/mu/static/css/sm.css]
[www.cciccccloud.com/template/mu/static/picture/1590048848871028263.jpg]
[www.cciccccloud.com/template/mu/static/images/hmy_sideperson.png]
[www.cciccccloud.com/template/mu/static/images/hmy_sideimg02.png]
[www.cciccccloud.com/template/mu/static/images/hmy_sideimg03.png]
[www.cciccccloud.com/template/mu/static/images/scpbg.jpg]
[www.cciccccloud.com/template/mu/static/css/index.css]
[www.cciccccloud.com/template/mu/static/images/ymt.jpg]
[www.cciccccloud.com/template/mu/static/images/top13860.jpg]
[www.cciccccloud.com/template/mu/static/images/top-xz.jpg]
[www.cciccccloud.com/template/mu/static/images/nq-top.jpg]
[www.cciccccloud.com/template/mu/static/images/fy-top.jpg]
[www.cciccccloud.com/template/mu/static/images/bh-tit.jpg]
[www.cciccccloud.com/template/mu/static/images/topc.jpg]
[www.cciccccloud.com/template/mu/static/images/zn-logo.jpg]
[www.cciccccloud.com/template/mu/static/images/ullogo.jpg]
[www.cciccccloud.com/template/mu/static/picture/1666591927040077430.png]
[www.cciccccloud.com/template/mu/static/images/nc.jpg]
[www.cciccccloud.com/template/mu/static/images/qj-top.gif]
[www.cciccccloud.com/template/mu/static/images/lz.jpg]
[www.cciccccloud.com/template/mu/static/images/mt.jpg]
[www.cciccccloud.com/template/mu/static/images/malaixiya.jpg]
[www.cciccccloud.com/template/mu/static/images/dzxsy.jpg]
[www.cciccccloud.com/template/mu/static/css/ui-new.css]
[www.cciccccloud.com/template/mu/static/images/inquiry.jpg]
[www.cciccccloud.com/template/mu/static/css/search.css]
[www.cciccccloud.com/template/mu/static/css/complaints.css]
[www.cciccccloud.com/template/mu/static/css/pc-media.css]
[www.cciccccloud.com/template/mu/static/css/sm_1.css]
[www.cciccccloud.com/template/mu/static/css/complaints_1.css]
[www.cciccccloud.com/index7aa4.html]
[www.cciccccloud.com/indexaef5.html]
[www.cciccccloud.com/indexdc14.html]
[www.cciccccloud.com/template/mu/static/css/sm_4.css]
[www.cciccccloud.com/template/mu/static/css/sm-extend.css]
[www.cciccccloud.com/template/mu/static/css/search_3.css]
[www.cciccccloud.com/template/mu/static/css/authen-new.css]
[www.cciccccloud.com/template/mu/static/picture/logo.jpg]
[www.cciccccloud.com/template/mu/static/picture/infobg-false.jpg]
[www.cciccccloud.com/index7981.html]
[www.cciccccloud.com/template/mu/static/picture/infobg-ture.jpg]
[www.cciccccloud.com/template/mu/static/picture/infobg-warn.jpg]
[www.cciccccloud.com/indexdab4.html]
[www.cciccccloud.com/template/mu/static/css/swiper-bundle.min.css]
[www.cciccccloud.com/static/picture/download-open.html]
[www.cciccccloud.com/static/picture/right-menu.html]
[www.cciccccloud.com/indexc172.html]
[www.cciccccloud.com/index355a.html]
[www.cciccccloud.com/template/mu/static/css/sm_1.css]
[www.cciccccloud.com/template/mu/static/css/complaints_1.css]
[www.cciccccloud.com/template/mu/static/css/pc-media_1.css]
[www.cciccccloud.com/template/mu/static/js/config.js.html]
[www.cciccccloud.com/template/mu/static/js/complaints.js.html]
[www.cciccccloud.com/template/mu/static/js/workers.min.html]
[www.cciccccloud.com/indexaef5.html]
[www.cciccccloud.com/indexdc14.html]
[www.cciccccloud.com/template/mu/static/css/sm_4.css]
[www.cciccccloud.com/template/mu/static/css/sm-extend.css]
[www.cciccccloud.com/template/mu/static/css/search_3.css]
[www.cciccccloud.com/template/mu/static/css/pc-media_4.css]
[www.cciccccloud.com/template/mu/static/js/moment.min.js]
[www.cciccccloud.com/template/mu/static/images/codebg-3d.jpg]
[www.cciccccloud.com/template/mu/static/css/authen-new.css]
[www.cciccccloud.com/static/picture/qrcode.html]
[www.cciccccloud.com/indexdab4.html]
[www.cciccccloud.com/template/mu/static/fonts/font_1433401008_2229297.svg]
[www.cciccccloud.com/index.html]
[www.cciccccloud.com/index.html]
[www.cciccccloud.com/template/mu/static/fonts/font_1433401008_2229297.svg]
[www.cciccccloud.com/indexd3b5.html]
[www.cciccccloud.com/indexd3b5.html]
